/usr/share/fonts/TTF/Iosevka-Light.ttc: Iosevka,Iosevka Light Extended Oblique:style=Light Extended Oblique,Regular
/usr/share/fonts/TTF/Iosevka-Thin.ttc: Iosevka Term,Iosevka Term Thin Extended:style=Thin Extended,Regular
/usr/share/fonts/TTF/Iosevka-ExtraBold.ttc: Iosevka Fixed,Iosevka Fixed Extrabold:style=Extrabold Italic,Italic
/usr/share/fonts/TTF/IosevkaNerdFont-SemiBoldItalic.ttf: Iosevka Nerd Font,Iosevka NF,Iosevka NF SemiBold:style=SemiBold Italic,Italic
/usr/share/fonts/TTF/Iosevka-Bold.ttc: Iosevka,Iosevka Extended Oblique:style=Bold Extended Oblique,Bold
/usr/share/fonts/TTF/IosevkaNerdFontPropo-Italic.ttf: Iosevka Nerd Font Propo,Iosevka NFP:style=Italic
/usr/share/fonts/TTF/Iosevka-Regular.ttc: Iosevka Term,Iosevka Term Extended:style=Extended Italic,Italic
/usr/share/fonts/TTF/IosevkaNerdFont-Bold.ttf: Iosevka Nerd Font,Iosevka NF:style=Bold
/usr/share/fonts/TTF/Iosevka-Medium.ttc: Iosevka Fixed,Iosevka Fixed Md Ex Obl:style=Medium Extended Oblique,Regular
/usr/share/fonts/TTF/IosevkaNerdFontMono-ExtraBoldOblique.ttf: Iosevka Nerd Font Mono,Iosevka NFM,Iosevka NFM ExtraBold Obl:style=ExtraBold Oblique,Italic
/usr/share/fonts/TTF/Iosevka-Medium.ttc: Iosevka Term,Iosevka Term Medium Oblique:style=Medium Oblique,Regular
/usr/share/fonts/TTF/Iosevka-Light.ttc: Iosevka Term,Iosevka Term Lt Ex Obl:style=Light Extended Oblique,Regular
/usr/share/fonts/TTF/IosevkaNerdFontMono-Regular.ttf: Iosevka Nerd Font Mono,Iosevka NFM:style=Regular
/usr/share/fonts/TTF/Iosevka-Heavy.ttc: Iosevka Term,Iosevka Term Heavy Extended:style=Heavy Extended Italic,Italic
/usr/share/fonts/TTF/Iosevka-SemiBold.ttc: Iosevka Fixed,Iosevka Fixed Semibold:style=Semibold,Regular
/usr/share/fonts/TTF/Iosevka-Thin.ttc: Iosevka,Iosevka Thin Extended Oblique:style=Thin Extended Oblique,Regular
/usr/share/fonts/TTF/Iosevka-Heavy.ttc: Iosevka Fixed,Iosevka Fixed Heavy:style=Heavy,Regular
/usr/share/fonts/TTF/Iosevka-Regular.ttc: Iosevka Term:style=Regular
/usr/share/fonts/TTF/Iosevka-Bold.ttc: Iosevka Fixed:style=Bold
/usr/share/fonts/TTF/Iosevka-Regular.ttc: Iosevka Fixed:style=Regular
/usr/share/fonts/TTF/Iosevka-Medium.ttc: Iosevka,Iosevka Medium:style=Medium,Regular
/usr/share/fonts/TTF/IosevkaNerdFont-Thin.ttf: Iosevka Nerd Font,Iosevka NF,Iosevka NF Thin:style=Thin,Regular
/usr/share/fonts/TTF/Iosevka-Medium.ttc: Iosevka Term,Iosevka Term Md Ex Obl:style=Medium Extended Oblique,Regular
/usr/share/fonts/TTF/Iosevka-Medium.ttc: Iosevka Fixed,Iosevka Fixed Medium Extended:style=Medium Extended,Regular
/usr/share/fonts/TTF/Iosevka-Thin.ttc: Iosevka Term,Iosevka Term Thin Extended:style=Thin Extended Italic,Italic
/usr/share/fonts/TTF/IosevkaNerdFontPropo-MediumItalic.ttf: Iosevka Nerd Font Propo,Iosevka NFP,Iosevka NFP Medium:style=Medium Italic,Italic
/usr/share/fonts/TTF/Iosevka-Bold.ttc: Iosevka,Iosevka Oblique:style=Bold Oblique,Bold
/usr/share/fonts/TTF/Iosevka-Heavy.ttc: Iosevka Term,Iosevka Term Heavy:style=Heavy Italic,Italic
/usr/share/fonts/TTF/Iosevka-Regular.ttc: Iosevka Fixed,Iosevka Fixed Oblique:style=Oblique,Regular
/usr/share/fonts/TTF/IosevkaNerdFontPropo-HeavyItalic.ttf: Iosevka Nerd Font Propo,Iosevka NFP,Iosevka NFP Heavy:style=Heavy Italic,Italic
/usr/share/fonts/TTF/Iosevka-ExtraLight.ttc: Iosevka Fixed,Iosevka Fixed XLt Ex:style=Extralight Extended Italic,Italic
/usr/share/fonts/TTF/IosevkaNerdFontMono-MediumOblique.ttf: Iosevka Nerd Font Mono,Iosevka NFM,Iosevka NFM Medium Obl:style=Medium Oblique,Italic
/usr/share/fonts/TTF/Iosevka-ExtraLight.ttc: Iosevka Term,Iosevka Term XLt Ex:style=Extralight Extended,Regular
/usr/share/fonts/TTF/Iosevka-Thin.ttc: Iosevka,Iosevka Thin Extended:style=Thin Extended Italic,Italic
/usr/share/fonts/TTF/Iosevka-ExtraBold.ttc: Iosevka,Iosevka Extrabold Extended:style=Extrabold Extended,Regular
/usr/share/fonts/TTF/Iosevka-Bold.ttc: Iosevka,Iosevka Extended:style=Bold Extended Italic,Bold Italic
/usr/share/fonts/TTF/Iosevka-ExtraBold.ttc: Iosevka Fixed,Iosevka Fixed Extrabold:style=Extrabold,Regular
/usr/share/fonts/TTF/IosevkaNerdFontMono-Heavy.ttf: Iosevka Nerd Font Mono,Iosevka NFM,Iosevka NFM Heavy:style=Heavy,Regular
/usr/share/fonts/TTF/Iosevka-Thin.ttc: Iosevka Fixed,Iosevka Fixed Thin:style=Thin Italic,Italic
/usr/share/fonts/TTF/Iosevka-ExtraLight.ttc: Iosevka Term,Iosevka Term XLt Ex Obl:style=Extralight Extended Oblique,Regular
/usr/share/fonts/TTF/IosevkaNerdFont-BoldItalic.ttf: Iosevka Nerd Font,Iosevka NF:style=Bold Italic
/usr/share/fonts/TTF/IosevkaNerdFontMono-LightOblique.ttf: Iosevka Nerd Font Mono,Iosevka NFM,Iosevka NFM Light Obl:style=Light Oblique,Italic
/usr/share/fonts/TTF/IosevkaNerdFont-Light.ttf: Iosevka Nerd Font,Iosevka NF,Iosevka NF Light:style=Light,Regular
/usr/share/fonts/TTF/IosevkaNerdFontMono-BoldItalic.ttf: Iosevka Nerd Font Mono,Iosevka NFM:style=Bold Italic
/usr/share/fonts/TTF/IosevkaNerdFontPropo-ExtraBoldItalic.ttf: Iosevka Nerd Font Propo,Iosevka NFP,Iosevka NFP ExtraBold:style=ExtraBold Italic,Italic
/usr/share/fonts/TTF/IosevkaNerdFontPropo-ExtraLightItalic.ttf: Iosevka Nerd Font Propo,Iosevka NFP,Iosevka NFP ExtraLight:style=ExtraLight Italic,Italic
/usr/share/fonts/TTF/Iosevka-ExtraLight.ttc: Iosevka Fixed,Iosevka Fixed XLt Ex:style=Extralight Extended,Regular
/usr/share/fonts/TTF/Iosevka-ExtraLight.ttc: Iosevka Term,Iosevka Term XLt Obl:style=Extralight Oblique,Regular
/usr/share/fonts/TTF/Iosevka-Bold.ttc: Iosevka Fixed:style=Bold Italic
/usr/share/fonts/TTF/Iosevka-Thin.ttc: Iosevka,Iosevka Thin Oblique:style=Thin Oblique,Regular
/usr/share/fonts/TTF/IosevkaNerdFontPropo-SemiBoldOblique.ttf: Iosevka Nerd Font Propo,Iosevka NFP,Iosevka NFP SemiBold Obl:style=SemiBold Oblique,Italic
/usr/share/fonts/TTF/Iosevka-Heavy.ttc: Iosevka Term,Iosevka Term Heavy:style=Heavy,Regular
/usr/share/fonts/TTF/Iosevka-SemiBold.ttc: Iosevka Term,Iosevka Term Semibold Extended:style=Semibold Extended,Regular
/usr/share/fonts/TTF/Iosevka-Heavy.ttc: Iosevka Fixed,Iosevka Fixed Heavy Extended:style=Heavy Extended Italic,Italic
/usr/share/fonts/TTF/Iosevka-Heavy.ttc: Iosevka Term,Iosevka Term Heavy Extended:style=Heavy Extended,Regular
/usr/share/fonts/TTF/IosevkaNerdFont-ExtraBoldItalic.ttf: Iosevka Nerd Font,Iosevka NF,Iosevka NF ExtraBold:style=ExtraBold Italic,Italic
/usr/share/fonts/TTF/Iosevka-Thin.ttc: Iosevka Term,Iosevka Term Thin:style=Thin,Regular
/usr/share/fonts/TTF/IosevkaNerdFontPropo-LightOblique.ttf: Iosevka Nerd Font Propo,Iosevka NFP,Iosevka NFP Light Obl:style=Light Oblique,Italic
/usr/share/fonts/TTF/Iosevka-Medium.ttc: Iosevka,Iosevka Md Ex Obl:style=Medium Extended Oblique,Regular
/usr/share/fonts/TTF/Iosevka-Thin.ttc: Iosevka Term,Iosevka Term Thin Oblique:style=Thin Oblique,Regular
/usr/share/fonts/TTF/IosevkaNerdFontMono-Medium.ttf: Iosevka Nerd Font Mono,Iosevka NFM,Iosevka NFM Medium:style=Medium,Regular
/usr/share/fonts/TTF/Iosevka-Thin.ttc: Iosevka Fixed,Iosevka Fixed Thin Extended:style=Thin Extended Italic,Italic
/usr/share/fonts/TTF/Iosevka-ExtraBold.ttc: Iosevka,Iosevka Extrabold Oblique:style=Extrabold Oblique,Regular
/usr/share/fonts/TTF/IosevkaNerdFontPropo-ExtraLight.ttf: Iosevka Nerd Font Propo,Iosevka NFP,Iosevka NFP ExtraLight:style=ExtraLight,Regular
/usr/share/fonts/TTF/IosevkaNerdFont-ExtraLightOblique.ttf: Iosevka Nerd Font,Iosevka NF,Iosevka NF ExtraLight Obl:style=ExtraLight Oblique,Italic
/usr/share/fonts/TTF/Iosevka-Medium.ttc: Iosevka Term,Iosevka Term Medium Extended:style=Medium Extended,Regular
/usr/share/fonts/TTF/IosevkaNerdFont-HeavyItalic.ttf: Iosevka Nerd Font,Iosevka NF,Iosevka NF Heavy:style=Heavy Italic,Italic
/usr/share/fonts/TTF/Iosevka-Light.ttc: Iosevka Fixed,Iosevka Fixed Light Oblique:style=Light Oblique,Regular
/usr/share/fonts/TTF/IosevkaNerdFontPropo-Bold.ttf: Iosevka Nerd Font Propo,Iosevka NFP:style=Bold
/usr/share/fonts/TTF/Iosevka-SemiBold.ttc: Iosevka,Iosevka Semibold Extended:style=Semibold Extended,Regular
/usr/share/fonts/TTF/Iosevka-ExtraBold.ttc: Iosevka Term,Iosevka Term XBd Ex Obl:style=Extrabold Extended Oblique,Regular
/usr/share/fonts/TTF/IosevkaNerdFontPropo-Light.ttf: Iosevka Nerd Font Propo,Iosevka NFP,Iosevka NFP Light:style=Light,Regular
/usr/share/fonts/TTF/Iosevka-Heavy.ttc: Iosevka,Iosevka Heavy:style=Heavy,Regular
/usr/share/fonts/TTF/Iosevka-ExtraBold.ttc: Iosevka Term,Iosevka Term XBd Ex:style=Extrabold Extended Italic,Italic
/usr/share/fonts/TTF/Iosevka-ExtraLight.ttc: Iosevka Fixed,Iosevka Fixed XLt Obl:style=Extralight Oblique,Regular
/usr/share/fonts/TTF/IosevkaNerdFont-ThinOblique.ttf: Iosevka Nerd Font,Iosevka NF,Iosevka NF Thin Obl:style=Thin Oblique,Italic
/usr/share/fonts/TTF/Iosevka-Bold.ttc: Iosevka Term,Iosevka Term Extended:style=Bold Extended,Bold
/usr/share/fonts/TTF/Iosevka-Light.ttc: Iosevka Fixed,Iosevka Fixed Lt Ex Obl:style=Light Extended Oblique,Regular
/usr/share/fonts/TTF/Iosevka-ExtraLight.ttc: Iosevka,Iosevka XLt Ex Obl:style=Extralight Extended Oblique,Regular
/usr/share/fonts/TTF/Iosevka-ExtraBold.ttc: Iosevka Term,Iosevka Term Extrabold:style=Extrabold Italic,Italic
/usr/share/fonts/TTF/Iosevka-ExtraBold.ttc: Iosevka Term,Iosevka Term Extrabold:style=Extrabold,Regular
/usr/share/fonts/TTF/IosevkaNerdFont-MediumOblique.ttf: Iosevka Nerd Font,Iosevka NF,Iosevka NF Medium Obl:style=Medium Oblique,Italic
/usr/share/fonts/TTF/IosevkaNerdFontMono-ExtraLight.ttf: Iosevka Nerd Font Mono,Iosevka NFM,Iosevka NFM ExtraLight:style=ExtraLight,Regular
/usr/share/fonts/TTF/Iosevka-Medium.ttc: Iosevka,Iosevka Medium:style=Medium Italic,Italic
/usr/share/fonts/TTF/Iosevka-SemiBold.ttc: Iosevka,Iosevka Semibold Extended:style=Semibold Extended Italic,Italic
/usr/share/fonts/TTF/Iosevka-SemiBold.ttc: Iosevka,Iosevka Semibold:style=Semibold,Regular
/usr/share/fonts/TTF/Iosevka-ExtraBold.ttc: Iosevka Term,Iosevka Term XBd Ex:style=Extrabold Extended,Regular
/usr/share/fonts/TTF/Iosevka-Light.ttc: Iosevka,Iosevka Light Extended:style=Light Extended Italic,Italic
/usr/share/fonts/TTF/IosevkaNerdFontPropo-Medium.ttf: Iosevka Nerd Font Propo,Iosevka NFP,Iosevka NFP Medium:style=Medium,Regular
/usr/share/fonts/TTF/Iosevka-Thin.ttc: Iosevka Fixed,Iosevka Fixed Thin Extended:style=Thin Extended,Regular
/usr/share/fonts/TTF/IosevkaNerdFontMono-SemiBoldOblique.ttf: Iosevka Nerd Font Mono,Iosevka NFM,Iosevka NFM SemiBold Obl:style=SemiBold Oblique,Italic
/usr/share/fonts/TTF/Iosevka-Heavy.ttc: Iosevka Term,Iosevka Term Heavy Oblique:style=Heavy Oblique,Regular
/usr/share/fonts/TTF/Iosevka-Heavy.ttc: Iosevka Fixed,Iosevka Fixed Heavy Extended:style=Heavy Extended,Regular
/usr/share/fonts/TTF/Iosevka-ExtraLight.ttc: Iosevka,Iosevka Extralight:style=Extralight Italic,Italic
/usr/share/fonts/TTF/IosevkaNerdFontPropo-BoldItalic.ttf: Iosevka Nerd Font Propo,Iosevka NFP:style=Bold Italic
/usr/share/fonts/TTF/IosevkaNerdFontMono-ThinItalic.ttf: Iosevka Nerd Font Mono,Iosevka NFM,Iosevka NFM Thin:style=Thin Italic,Italic
/usr/share/fonts/TTF/IosevkaNerdFontMono-ThinOblique.ttf: Iosevka Nerd Font Mono,Iosevka NFM,Iosevka NFM Thin Obl:style=Thin Oblique,Italic
/usr/share/fonts/TTF/Iosevka-SemiBold.ttc: Iosevka,Iosevka Semibold Oblique:style=Semibold Oblique,Regular
/usr/share/fonts/TTF/IosevkaNerdFontPropo-LightItalic.ttf: Iosevka Nerd Font Propo,Iosevka NFP,Iosevka NFP Light:style=Light Italic,Italic
/usr/share/fonts/TTF/Iosevka-Medium.ttc: Iosevka Fixed,Iosevka Fixed Medium:style=Medium,Regular
/usr/share/fonts/TTF/Iosevka-Heavy.ttc: Iosevka Fixed,Iosevka Fixed Hv Ex Obl:style=Heavy Extended Oblique,Regular
/usr/share/fonts/TTF/Iosevka-Heavy.ttc: Iosevka Fixed,Iosevka Fixed Heavy:style=Heavy Italic,Italic
/usr/share/fonts/TTF/IosevkaNerdFontPropo-ExtraBoldOblique.ttf: Iosevka Nerd Font Propo,Iosevka NFP,Iosevka NFP ExtraBold Obl:style=ExtraBold Oblique,Italic
/usr/share/fonts/TTF/IosevkaNerdFontMono-Italic.ttf: Iosevka Nerd Font Mono,Iosevka NFM:style=Italic
/usr/share/fonts/TTF/Iosevka-Thin.ttc: Iosevka,Iosevka Thin:style=Thin,Regular
/usr/share/fonts/TTF/IosevkaNerdFont-Italic.ttf: Iosevka Nerd Font,Iosevka NF:style=Italic
/usr/share/fonts/TTF/IosevkaNerdFontPropo-SemiBoldItalic.ttf: Iosevka Nerd Font Propo,Iosevka NFP,Iosevka NFP SemiBold:style=SemiBold Italic,Italic
/usr/share/fonts/TTF/IosevkaNerdFontMono-BoldOblique.ttf: Iosevka Nerd Font Mono,Iosevka NFM,Iosevka NFM Obl:style=Bold Oblique,Bold Italic
/usr/share/fonts/TTF/Iosevka-Regular.ttc: Iosevka Fixed,Iosevka Fixed Extended:style=Extended,Regular
/usr/share/fonts/TTF/Iosevka-ExtraLight.ttc: Iosevka Fixed,Iosevka Fixed Extralight:style=Extralight Italic,Italic
/usr/share/fonts/TTF/Iosevka-Heavy.ttc: Iosevka,Iosevka Heavy Extended:style=Heavy Extended,Regular
/usr/share/fonts/TTF/Iosevka-Heavy.ttc: Iosevka,Iosevka Heavy Oblique:style=Heavy Oblique,Regular
/usr/share/fonts/TTF/Iosevka-Bold.ttc: Iosevka Fixed,Iosevka Fixed Oblique:style=Bold Oblique,Bold
/usr/share/fonts/TTF/IosevkaNerdFont-Oblique.ttf: Iosevka Nerd Font,Iosevka NF,Iosevka NF Obl:style=Oblique,Italic
/usr/share/fonts/TTF/Iosevka-Medium.ttc: Iosevka Term,Iosevka Term Medium Extended:style=Medium Extended Italic,Italic
/usr/share/fonts/TTF/Iosevka-Bold.ttc: Iosevka Term,Iosevka Term Oblique:style=Bold Oblique,Bold
/usr/share/fonts/TTF/Iosevka-ExtraLight.ttc: Iosevka,Iosevka Extralight Extended:style=Extralight Extended Italic,Italic
/usr/share/fonts/TTF/Iosevka-Light.ttc: Iosevka Term,Iosevka Term Light:style=Light Italic,Italic
/usr/share/fonts/TTF/IosevkaNerdFontPropo-Oblique.ttf: Iosevka Nerd Font Propo,Iosevka NFP,Iosevka NFP Obl:style=Oblique,Italic
/usr/share/fonts/TTF/IosevkaNerdFontMono-MediumItalic.ttf: Iosevka Nerd Font Mono,Iosevka NFM,Iosevka NFM Medium:style=Medium Italic,Italic
/usr/share/fonts/TTF/IosevkaNerdFontPropo-ThinItalic.ttf: Iosevka Nerd Font Propo,Iosevka NFP,Iosevka NFP Thin:style=Thin Italic,Italic
/usr/share/fonts/TTF/Iosevka-Regular.ttc: Iosevka Term:style=Italic
/usr/share/fonts/TTF/Iosevka-SemiBold.ttc: Iosevka Term,Iosevka Term Semibold:style=Semibold,Regular
/usr/share/fonts/TTF/Iosevka-Regular.ttc: Iosevka Fixed:style=Italic
/usr/share/fonts/TTF/IosevkaNerdFontMono-ExtraLightOblique.ttf: Iosevka Nerd Font Mono,Iosevka NFM,Iosevka NFM ExtraLight Obl:style=ExtraLight Oblique,Italic
/usr/share/fonts/TTF/IosevkaNerdFontPropo-Thin.ttf: Iosevka Nerd Font Propo,Iosevka NFP,Iosevka NFP Thin:style=Thin,Regular
/usr/share/fonts/TTF/Iosevka-Bold.ttc: Iosevka,Iosevka Extended:style=Bold Extended,Bold
/usr/share/fonts/TTF/Iosevka-ExtraBold.ttc: Iosevka Fixed,Iosevka Fixed XBd Ex:style=Extrabold Extended,Regular
/usr/share/fonts/TTF/Iosevka-SemiBold.ttc: Iosevka Term,Iosevka Term Semibold Oblique:style=Semibold Oblique,Regular
/usr/share/fonts/TTF/Iosevka-Heavy.ttc: Iosevka Term,Iosevka Term Hv Ex Obl:style=Heavy Extended Oblique,Regular
/usr/share/fonts/TTF/Iosevka-Light.ttc: Iosevka Fixed,Iosevka Fixed Light Extended:style=Light Extended Italic,Italic
/usr/share/fonts/TTF/Iosevka-ExtraLight.ttc: Iosevka,Iosevka Extralight Oblique:style=Extralight Oblique,Regular
/usr/share/fonts/TTF/IosevkaNerdFont-ThinItalic.ttf: Iosevka Nerd Font,Iosevka NF,Iosevka NF Thin:style=Thin Italic,Italic
/usr/share/fonts/TTF/Iosevka-SemiBold.ttc: Iosevka Fixed,Iosevka Fixed SmBd Ex Obl:style=Semibold Extended Oblique,Regular
/usr/share/fonts/TTF/Iosevka-Heavy.ttc: Iosevka,Iosevka Heavy Extended Oblique:style=Heavy Extended Oblique,Regular
/usr/share/fonts/TTF/Iosevka-Bold.ttc: Iosevka Fixed,Iosevka Fixed Extended Oblique:style=Bold Extended Oblique,Bold
/usr/share/fonts/TTF/IosevkaNerdFont-Medium.ttf: Iosevka Nerd Font,Iosevka NF,Iosevka NF Medium:style=Medium,Regular
/usr/share/fonts/TTF/Iosevka-SemiBold.ttc: Iosevka,Iosevka Semibold:style=Semibold Italic,Italic
/usr/share/fonts/TTF/IosevkaNerdFont-SemiBoldOblique.ttf: Iosevka Nerd Font,Iosevka NF,Iosevka NF SemiBold Obl:style=SemiBold Oblique,Italic
/usr/share/fonts/TTF/Iosevka-Bold.ttc: Iosevka:style=Bold
/usr/share/fonts/TTF/Iosevka-SemiBold.ttc: Iosevka Fixed,Iosevka Fixed SmBd Ex:style=Semibold Extended,Regular
/usr/share/fonts/TTF/Iosevka-Light.ttc: Iosevka Term,Iosevka Term Light Extended:style=Light Extended Italic,Italic
/usr/share/fonts/TTF/Iosevka-ExtraLight.ttc: Iosevka Term,Iosevka Term XLt Ex:style=Extralight Extended Italic,Italic
/usr/share/fonts/TTF/Iosevka-Thin.ttc: Iosevka,Iosevka Thin Extended:style=Thin Extended,Regular
/usr/share/fonts/TTF/Iosevka-SemiBold.ttc: Iosevka Term,Iosevka Term Semibold Extended:style=Semibold Extended Italic,Italic
/usr/share/fonts/TTF/IosevkaNerdFont-LightOblique.ttf: Iosevka Nerd Font,Iosevka NF,Iosevka NF Light Obl:style=Light Oblique,Italic
/usr/share/fonts/TTF/IosevkaNerdFontMono-SemiBoldItalic.ttf: Iosevka Nerd Font Mono,Iosevka NFM,Iosevka NFM SemiBold:style=SemiBold Italic,Italic
/usr/share/fonts/TTF/IosevkaNerdFontMono-Thin.ttf: Iosevka Nerd Font Mono,Iosevka NFM,Iosevka NFM Thin:style=Thin,Regular
/usr/share/fonts/TTF/IosevkaNerdFont-ExtraBold.ttf: Iosevka Nerd Font,Iosevka NF,Iosevka NF ExtraBold:style=ExtraBold,Regular
/usr/share/fonts/TTF/Iosevka-SemiBold.ttc: Iosevka Fixed,Iosevka Fixed Semibold:style=Semibold Italic,Italic
/usr/share/fonts/TTF/Iosevka-Medium.ttc: Iosevka Term,Iosevka Term Medium:style=Medium Italic,Italic
/usr/share/fonts/TTF/Iosevka-Light.ttc: Iosevka Fixed,Iosevka Fixed Light:style=Light,Regular
/usr/share/fonts/TTF/IosevkaNerdFontPropo-ExtraBold.ttf: Iosevka Nerd Font Propo,Iosevka NFP,Iosevka NFP ExtraBold:style=ExtraBold,Regular
/usr/share/fonts/TTF/IosevkaNerdFontPropo-ThinOblique.ttf: Iosevka Nerd Font Propo,Iosevka NFP,Iosevka NFP Thin Obl:style=Thin Oblique,Italic
/usr/share/fonts/TTF/IosevkaNerdFont-Regular.ttf: Iosevka Nerd Font,Iosevka NF:style=Regular
/usr/share/fonts/TTF/Iosevka-ExtraBold.ttc: Iosevka Fixed,Iosevka Fixed XBd Obl:style=Extrabold Oblique,Regular
/usr/share/fonts/TTF/IosevkaNerdFontMono-LightItalic.ttf: Iosevka Nerd Font Mono,Iosevka NFM,Iosevka NFM Light:style=Light Italic,Italic
/usr/share/fonts/TTF/Iosevka-Regular.ttc: Iosevka,Iosevka Oblique:style=Oblique,Regular
/usr/share/fonts/TTF/IosevkaNerdFont-ExtraBoldOblique.ttf: Iosevka Nerd Font,Iosevka NF,Iosevka NF ExtraBold Obl:style=ExtraBold Oblique,Italic
/usr/share/fonts/TTF/IosevkaNerdFontMono-ExtraBoldItalic.ttf: Iosevka Nerd Font Mono,Iosevka NFM,Iosevka NFM ExtraBold:style=ExtraBold Italic,Italic
/usr/share/fonts/TTF/Iosevka-Medium.ttc: Iosevka Term,Iosevka Term Medium:style=Medium,Regular
/usr/share/fonts/TTF/Iosevka-ExtraLight.ttc: Iosevka,Iosevka Extralight Extended:style=Extralight Extended,Regular
/usr/share/fonts/TTF/Iosevka-SemiBold.ttc: Iosevka Term,Iosevka Term Semibold:style=Semibold Italic,Italic
/usr/share/fonts/TTF/Iosevka-Regular.ttc: Iosevka Fixed,Iosevka Fixed Extended Oblique:style=Extended Oblique,Regular
/usr/share/fonts/TTF/Iosevka-Regular.ttc: Iosevka Fixed,Iosevka Fixed Extended:style=Extended Italic,Italic
/usr/share/fonts/TTF/Iosevka-Regular.ttc: Iosevka Term,Iosevka Term Extended:style=Extended,Regular
/usr/share/fonts/TTF/Iosevka-ExtraLight.ttc: Iosevka Fixed,Iosevka Fixed Extralight:style=Extralight,Regular
/usr/share/fonts/TTF/Iosevka-SemiBold.ttc: Iosevka Term,Iosevka Term SmBd Ex Obl:style=Semibold Extended Oblique,Regular
/usr/share/fonts/TTF/IosevkaNerdFontMono-Light.ttf: Iosevka Nerd Font Mono,Iosevka NFM,Iosevka NFM Light:style=Light,Regular
/usr/share/fonts/TTF/IosevkaNerdFont-SemiBold.ttf: Iosevka Nerd Font,Iosevka NF,Iosevka NF SemiBold:style=SemiBold,Regular
/usr/share/fonts/TTF/Iosevka-Medium.ttc: Iosevka Fixed,Iosevka Fixed Medium:style=Medium Italic,Italic
/usr/share/fonts/TTF/IosevkaNerdFont-Heavy.ttf: Iosevka Nerd Font,Iosevka NF,Iosevka NF Heavy:style=Heavy,Regular
/usr/share/fonts/TTF/Iosevka-SemiBold.ttc: Iosevka Fixed,Iosevka Fixed Semibold Oblique:style=Semibold Oblique,Regular
/usr/share/fonts/TTF/Iosevka-Regular.ttc: Iosevka Term,Iosevka Term Extended Oblique:style=Extended Oblique,Regular
/usr/share/fonts/TTF/Iosevka-Regular.ttc: Iosevka:style=Italic
/usr/share/fonts/TTF/Iosevka-Bold.ttc: Iosevka Term:style=Bold
/usr/share/fonts/TTF/IosevkaNerdFont-LightItalic.ttf: Iosevka Nerd Font,Iosevka NF,Iosevka NF Light:style=Light Italic,Italic
/usr/share/fonts/TTF/Iosevka-SemiBold.ttc: Iosevka,Iosevka SmBd Ex Obl:style=Semibold Extended Oblique,Regular
/usr/share/fonts/TTF/IosevkaNerdFontMono-ExtraBold.ttf: Iosevka Nerd Font Mono,Iosevka NFM,Iosevka NFM ExtraBold:style=ExtraBold,Regular
/usr/share/fonts/TTF/Iosevka-Heavy.ttc: Iosevka Fixed,Iosevka Fixed Heavy Oblique:style=Heavy Oblique,Regular
/usr/share/fonts/TTF/Iosevka-SemiBold.ttc: Iosevka Fixed,Iosevka Fixed SmBd Ex:style=Semibold Extended Italic,Italic
/usr/share/fonts/TTF/IosevkaNerdFontMono-HeavyItalic.ttf: Iosevka Nerd Font Mono,Iosevka NFM,Iosevka NFM Heavy:style=Heavy Italic,Italic
/usr/share/fonts/TTF/Iosevka-Heavy.ttc: Iosevka,Iosevka Heavy:style=Heavy Italic,Italic
/usr/share/fonts/TTF/Iosevka-Light.ttc: Iosevka Term,Iosevka Term Light:style=Light,Regular
/usr/share/fonts/TTF/IosevkaNerdFontPropo-Regular.ttf: Iosevka Nerd Font Propo,Iosevka NFP:style=Regular
/usr/share/fonts/TTF/Iosevka-ExtraBold.ttc: Iosevka,Iosevka XBd Ex Obl:style=Extrabold Extended Oblique,Regular
/usr/share/fonts/TTF/IosevkaNerdFontPropo-Heavy.ttf: Iosevka Nerd Font Propo,Iosevka NFP,Iosevka NFP Heavy:style=Heavy,Regular
/usr/share/fonts/TTF/Iosevka-Light.ttc: Iosevka Term,Iosevka Term Light Extended:style=Light Extended,Regular
/usr/share/fonts/TTF/Iosevka-Bold.ttc: Iosevka Term:style=Bold Italic
/usr/share/fonts/TTF/Iosevka-Bold.ttc: Iosevka Fixed,Iosevka Fixed Extended:style=Bold Extended,Bold
/usr/share/fonts/TTF/Iosevka-ExtraLight.ttc: Iosevka Term,Iosevka Term Extralight:style=Extralight,Regular
/usr/share/fonts/TTF/Iosevka-Medium.ttc: Iosevka,Iosevka Medium Extended:style=Medium Extended,Regular
/usr/share/fonts/TTF/IosevkaNerdFontPropo-SemiBold.ttf: Iosevka Nerd Font Propo,Iosevka NFP,Iosevka NFP SemiBold:style=SemiBold,Regular
/usr/share/fonts/TTF/Iosevka-Thin.ttc: Iosevka Fixed,Iosevka Fixed Th Ex Obl:style=Thin Extended Oblique,Regular
/usr/share/fonts/TTF/Iosevka-Bold.ttc: Iosevka:style=Bold Italic
/usr/share/fonts/TTF/Iosevka-ExtraLight.ttc: Iosevka Term,Iosevka Term Extralight:style=Extralight Italic,Italic
/usr/share/fonts/TTF/Iosevka-Medium.ttc: Iosevka,Iosevka Medium Oblique:style=Medium Oblique,Regular
/usr/share/fonts/TTF/IosevkaNerdFont-BoldOblique.ttf: Iosevka Nerd Font,Iosevka NF,Iosevka NF Obl:style=Bold Oblique,Bold Italic
/usr/share/fonts/TTF/IosevkaNerdFontPropo-MediumOblique.ttf: Iosevka Nerd Font Propo,Iosevka NFP,Iosevka NFP Medium Obl:style=Medium Oblique,Italic
/usr/share/fonts/TTF/Iosevka-Bold.ttc: Iosevka Term,Iosevka Term Extended:style=Bold Extended Italic,Bold Italic
/usr/share/fonts/TTF/Iosevka-Light.ttc: Iosevka Fixed,Iosevka Fixed Light Extended:style=Light Extended,Regular
/usr/share/fonts/TTF/Iosevka-Bold.ttc: Iosevka Term,Iosevka Term Extended Oblique:style=Bold Extended Oblique,Bold
/usr/share/fonts/TTF/Iosevka-Thin.ttc: Iosevka Term,Iosevka Term Thin:style=Thin Italic,Italic
/usr/share/fonts/TTF/Iosevka-Regular.ttc: Iosevka:style=Regular
/usr/share/fonts/TTF/IosevkaNerdFontMono-SemiBold.ttf: Iosevka Nerd Font Mono,Iosevka NFM,Iosevka NFM SemiBold:style=SemiBold,Regular
/usr/share/fonts/TTF/IosevkaNerdFont-ExtraLight.ttf: Iosevka Nerd Font,Iosevka NF,Iosevka NF ExtraLight:style=ExtraLight,Regular
/usr/share/fonts/TTF/IosevkaNerdFontPropo-ExtraLightOblique.ttf: Iosevka Nerd Font Propo,Iosevka NFP,Iosevka NFP ExtraLight Obl:style=ExtraLight Oblique,Italic
/usr/share/fonts/TTF/Iosevka-ExtraBold.ttc: Iosevka Fixed,Iosevka Fixed XBd Ex Obl:style=Extrabold Extended Oblique,Regular
/usr/share/fonts/TTF/Iosevka-Regular.ttc: Iosevka,Iosevka Extended:style=Extended,Regular
/usr/share/fonts/TTF/Iosevka-Light.ttc: Iosevka,Iosevka Light:style=Light Italic,Italic
/usr/share/fonts/TTF/Iosevka-Light.ttc: Iosevka Term,Iosevka Term Light Oblique:style=Light Oblique,Regular
/usr/share/fonts/TTF/Iosevka-Medium.ttc: Iosevka Fixed,Iosevka Fixed Medium Extended:style=Medium Extended Italic,Italic
/usr/share/fonts/TTF/Iosevka-Heavy.ttc: Iosevka,Iosevka Heavy Extended:style=Heavy Extended Italic,Italic
/usr/share/fonts/TTF/IosevkaNerdFontMono-Oblique.ttf: Iosevka Nerd Font Mono,Iosevka NFM,Iosevka NFM Obl:style=Oblique,Italic
/usr/share/fonts/TTF/Iosevka-Light.ttc: Iosevka,Iosevka Light:style=Light,Regular
/usr/share/fonts/TTF/Iosevka-Thin.ttc: Iosevka Fixed,Iosevka Fixed Thin:style=Thin,Regular
/usr/share/fonts/TTF/Iosevka-Thin.ttc: Iosevka Fixed,Iosevka Fixed Thin Oblique:style=Thin Oblique,Regular
/usr/share/fonts/TTF/Iosevka-Thin.ttc: Iosevka,Iosevka Thin:style=Thin Italic,Italic
/usr/share/fonts/TTF/Iosevka-Regular.ttc: Iosevka,Iosevka Extended Oblique:style=Extended Oblique,Regular
/usr/share/fonts/TTF/IosevkaNerdFontPropo-BoldOblique.ttf: Iosevka Nerd Font Propo,Iosevka NFP,Iosevka NFP Obl:style=Bold Oblique,Bold Italic
/usr/share/fonts/TTF/Iosevka-Medium.ttc: Iosevka Fixed,Iosevka Fixed Medium Oblique:style=Medium Oblique,Regular
/usr/share/fonts/TTF/IosevkaNerdFontPropo-HeavyOblique.ttf: Iosevka Nerd Font Propo,Iosevka NFP,Iosevka NFP Heavy Obl:style=Heavy Oblique,Italic
/usr/share/fonts/TTF/IosevkaNerdFontMono-HeavyOblique.ttf: Iosevka Nerd Font Mono,Iosevka NFM,Iosevka NFM Heavy Obl:style=Heavy Oblique,Italic
/usr/share/fonts/TTF/Iosevka-ExtraBold.ttc: Iosevka Term,Iosevka Term Extrabold Oblique:style=Extrabold Oblique,Regular
/usr/share/fonts/TTF/Iosevka-ExtraBold.ttc: Iosevka,Iosevka Extrabold Extended:style=Extrabold Extended Italic,Italic
/usr/share/fonts/TTF/Iosevka-Light.ttc: Iosevka Fixed,Iosevka Fixed Light:style=Light Italic,Italic
/usr/share/fonts/TTF/Iosevka-Regular.ttc: Iosevka,Iosevka Extended:style=Extended Italic,Italic
/usr/share/fonts/TTF/Iosevka-Bold.ttc: Iosevka Fixed,Iosevka Fixed Extended:style=Bold Extended Italic,Bold Italic
/usr/share/fonts/TTF/IosevkaNerdFont-MediumItalic.ttf: Iosevka Nerd Font,Iosevka NF,Iosevka NF Medium:style=Medium Italic,Italic
/usr/share/fonts/TTF/Iosevka-ExtraLight.ttc: Iosevka,Iosevka Extralight:style=Extralight,Regular
/usr/share/fonts/TTF/IosevkaNerdFontMono-Bold.ttf: Iosevka Nerd Font Mono,Iosevka NFM:style=Bold
/usr/share/fonts/TTF/Iosevka-Regular.ttc: Iosevka Term,Iosevka Term Oblique:style=Oblique,Regular
/usr/share/fonts/TTF/IosevkaNerdFont-ExtraLightItalic.ttf: Iosevka Nerd Font,Iosevka NF,Iosevka NF ExtraLight:style=ExtraLight Italic,Italic
/usr/share/fonts/TTF/Iosevka-ExtraBold.ttc: Iosevka,Iosevka Extrabold:style=Extrabold,Regular
/usr/share/fonts/TTF/Iosevka-Medium.ttc: Iosevka,Iosevka Medium Extended:style=Medium Extended Italic,Italic
/usr/share/fonts/TTF/Iosevka-ExtraBold.ttc: Iosevka,Iosevka Extrabold:style=Extrabold Italic,Italic
/usr/share/fonts/TTF/IosevkaNerdFont-HeavyOblique.ttf: Iosevka Nerd Font,Iosevka NF,Iosevka NF Heavy Obl:style=Heavy Oblique,Italic
/usr/share/fonts/TTF/IosevkaNerdFontMono-ExtraLightItalic.ttf: Iosevka Nerd Font Mono,Iosevka NFM,Iosevka NFM ExtraLight:style=ExtraLight Italic,Italic
/usr/share/fonts/TTF/Iosevka-Light.ttc: Iosevka,Iosevka Light Oblique:style=Light Oblique,Regular
/usr/share/fonts/TTF/Iosevka-ExtraBold.ttc: Iosevka Fixed,Iosevka Fixed XBd Ex:style=Extrabold Extended Italic,Italic
/usr/share/fonts/TTF/Iosevka-Thin.ttc: Iosevka Term,Iosevka Term Th Ex Obl:style=Thin Extended Oblique,Regular
/usr/share/fonts/TTF/Iosevka-Light.ttc: Iosevka,Iosevka Light Extended:style=Light Extended,Regular
/usr/share/fonts/TTF/Iosevka-ExtraLight.ttc: Iosevka Fixed,Iosevka Fixed XLt Ex Obl:style=Extralight Extended Oblique,Regular
